{
  "version": "1.5.0",
  "plugins_used": [
    {
      "name": "ArtifactoryDetector"
    },
    {
      "name": "AWSKeyDetector"
    },
    {
      "name": "AzureStorageKeyDetector"
    },
    {
      "name": "Base64HighEntropyString",
      "limit": 4.5
    },
    {
      "name": "BasicAuthDetector"
    },
    {
      "name": "CloudantDetector"
    },
    {
      "name": "DiscordBotTokenDetector"
    },
    {
      "name": "GitHubTokenDetector"
    },
    {
      "name": "GitLabTokenDetector"
    },
    {
      "name": "HexHighEntropyString",
      "limit": 3.0
    },
    {
      "name": "IbmCloudIamDetector"
    },
    {
      "name": "IbmCosHmacDetector"
    },
    {
      "name": "IPPublicDetector"
    },
    {
      "name": "JwtTokenDetector"
    },
    {
      "name": "KeywordDetector",
      "keyword_exclude": ""
    },
    {
      "name": "MailchimpDetector"
    },
    {
      "name": "NpmDetector"
    },
    {
      "name": "OpenAIDetector"
    },
    {
      "name": "PrivateKeyDetector"
    },
    {
      "name": "PypiTokenDetector"
    },
    {
      "name": "SendGridDetector"
    },
    {
      "name": "SlackDetector"
    },
    {
      "name": "SoftlayerDetector"
    },
    {
      "name": "SquareOAuthDetector"
    },
    {
      "name": "StripeDetector"
    },
    {
      "name": "TelegramBotTokenDetector"
    },
    {
      "name": "TwilioKeyDetector"
    }
  ],
  "filters_used": [
    {
      "path": "detect_secrets.filters.allowlist.is_line_allowlisted"
    },
    {
      "path": "detect_secrets.filters.common.is_ignored_due_to_verification_policies",
      "min_level": 2
    },
    {
      "path": "detect_secrets.filters.heuristic.is_indirect_reference"
    },
    {
      "path": "detect_secrets.filters.heuristic.is_likely_id_string"
    },
    {
      "path": "detect_secrets.filters.heuristic.is_lock_file"
    },
    {
      "path": "detect_secrets.filters.heuristic.is_not_alphanumeric_string"
    },
    {
      "path": "detect_secrets.filters.heuristic.is_potential_uuid"
    },
    {
      "path": "detect_secrets.filters.heuristic.is_prefixed_with_dollar_sign"
    },
    {
      "path": "detect_secrets.filters.heuristic.is_sequential_string"
    },
    {
      "path": "detect_secrets.filters.heuristic.is_swagger_file"
    },
    {
      "path": "detect_secrets.filters.heuristic.is_templated_secret"
    }
  ],
  "results": {
    "llm_bench/client.py": [
      {
        "type": "Secret Keyword",
        "filename": "llm_bench/client.py",
        "hashed_secret": "02ecb94373bfb3dfe827ca18409f50b016e8302a",
        "is_verified": false,
        "line_number": 19
      },
      {
        "type": "Secret Keyword",
        "filename": "llm_bench/client.py",
        "hashed_secret": "96133e4265d7a277409c8094e5eff6a41934cf07",
        "is_verified": false,
        "line_number": 24
      },
      {
        "type": "Secret Keyword",
        "filename": "llm_bench/client.py",
        "hashed_secret": "97ebd8cdea0b54bbcd8734279a78a419bb4eeb48",
        "is_verified": false,
        "line_number": 28
      },
      {
        "type": "Secret Keyword",
        "filename": "llm_bench/client.py",
        "hashed_secret": "f8ca0d7266886f4b5be9adddc9b66017b3bf1a4b",
        "is_verified": false,
        "line_number": 32
      },
      {
        "type": "Secret Keyword",
        "filename": "llm_bench/client.py",
        "hashed_secret": "3e10d010e7dfb478858d30459fa03f3824340d47",
        "is_verified": false,
        "line_number": 36
      }
    ],
    "tests/test_clients.py": [
      {
        "type": "Secret Keyword",
        "filename": "tests/test_clients.py",
        "hashed_secret": "02ecb94373bfb3dfe827ca18409f50b016e8302a",
        "is_verified": false,
        "line_number": 18
      },
      {
        "type": "Secret Keyword",
        "filename": "tests/test_clients.py",
        "hashed_secret": "97ebd8cdea0b54bbcd8734279a78a419bb4eeb48",
        "is_verified": false,
        "line_number": 46
      },
      {
        "type": "Basic Auth Credentials",
        "filename": "tests/test_clients.py",
        "hashed_secret": "e5e9fa1ba31ecd1ae84f75caaa474f3a663f05f4",
        "is_verified": false,
        "line_number": 111
      }
    ],
    "tests/test_env.py": [
      {
        "type": "Secret Keyword",
        "filename": "tests/test_env.py",
        "hashed_secret": "338f3edd76531b499a76b321404a4b73f3ff435e",
        "is_verified": false,
        "line_number": 9
      },
      {
        "type": "Secret Keyword",
        "filename": "tests/test_env.py",
        "hashed_secret": "e635577b99ebdc49cbfdf56f3be72735e94b9a39",
        "is_verified": false,
        "line_number": 10
      },
      {
        "type": "Secret Keyword",
        "filename": "tests/test_env.py",
        "hashed_secret": "48ba5237f26868899c5a4c098b3108715acd6461",
        "is_verified": false,
        "line_number": 18
      }
    ],
    "tests/test_runner.py": [
      {
        "type": "Hex High Entropy String",
        "filename": "tests/test_runner.py",
        "hashed_secret": "ff998abc1ce6d8f01a675fa197368e44c8916e9c",
        "is_verified": false,
        "line_number": 79
      }
    ]
  },
  "generated_at": "2026-07-09T14:59:37Z"
}
